------------------------------------------------------------
Timing Analyzer Summary
------------------------------------------------------------

Type  : Slow 1200mV 85C Model Setup 'CLOCK_50'
Slack : -17.439
TNS   : -16703.097

Type  : Slow 1200mV 85C Model Setup 'ARDUINO_IO[0]'
Slack : -1.492
TNS   : -284.984

Type  : Slow 1200mV 85C Model Hold 'ARDUINO_IO[0]'
Slack : 0.280
TNS   : 0.000

Type  : Slow 1200mV 85C Model Hold 'CLOCK_50'
Slack : 0.322
TNS   : 0.000

Type  : Slow 1200mV 85C Model Minimum Pulse Width 'CLOCK_50'
Slack : -3.000
TNS   : -1825.497

Type  : Slow 1200mV 85C Model Minimum Pulse Width 'ARDUINO_IO[0]'
Slack : -3.000
TNS   : -1102.952

Type  : Slow 1200mV 0C Model Setup 'CLOCK_50'
Slack : -15.777
TNS   : -15149.902

Type  : Slow 1200mV 0C Model Setup 'ARDUINO_IO[0]'
Slack : -1.326
TNS   : -225.166

Type  : Slow 1200mV 0C Model Hold 'ARDUINO_IO[0]'
Slack : 0.219
TNS   : 0.000

Type  : Slow 1200mV 0C Model Hold 'CLOCK_50'
Slack : 0.289
TNS   : 0.000

Type  : Slow 1200mV 0C Model Minimum Pulse Width 'CLOCK_50'
Slack : -3.000
TNS   : -1825.497

Type  : Slow 1200mV 0C Model Minimum Pulse Width 'ARDUINO_IO[0]'
Slack : -3.000
TNS   : -1102.952

Type  : Fast 1200mV 0C Model Setup 'CLOCK_50'
Slack : -7.092
TNS   : -6536.551

Type  : Fast 1200mV 0C Model Setup 'ARDUINO_IO[0]'
Slack : -0.159
TNS   : -0.988

Type  : Fast 1200mV 0C Model Hold 'ARDUINO_IO[0]'
Slack : 0.112
TNS   : 0.000

Type  : Fast 1200mV 0C Model Hold 'CLOCK_50'
Slack : 0.140
TNS   : 0.000

Type  : Fast 1200mV 0C Model Minimum Pulse Width 'CLOCK_50'
Slack : -3.000
TNS   : -1357.713

Type  : Fast 1200mV 0C Model Minimum Pulse Width 'ARDUINO_IO[0]'
Slack : -3.000
TNS   : -874.869

------------------------------------------------------------
